// Jest Snapshot v1, https://goo.gl/fbAQLP

exports[`renders the app component 1`] = `
<DocumentFragment>
  <div
    class="app"
  >
    <div
      class="landing-page"
      data-testid="splash-screen"
    >
      <h1>
        What's Your Main Language Challenge?
      </h1>
      <p>
        Pick one of the options below.
      </p>
      <div
        class="word-grid"
      >
        <div
          class="word-section"
        >
          <h2>
            Speaking Confidently
          </h2>
          <div
            class="interactive-word"
          >
             
            <button
              class="click-here-btn"
            >
              Click here
            </button>
          </div>
        </div>
        <div
          class="word-section"
        >
          <h2>
            Not being able to say what's in my head
          </h2>
          <div
            class="interactive-word"
          >
             
            <button
              class="click-here-btn"
            >
              Click here
            </button>
          </div>
        </div>
        <div
          class="word-section"
        >
          <h2>
            Preparing for an Exam
          </h2>
          <div
            class="interactive-word"
          >
             
            <button
              class="click-here-btn"
            >
              Click here
            </button>
          </div>
        </div>
        <div
          class="word-section"
        >
          <h2>
            Long Pauses
          </h2>
          <div
            class="interactive-word"
          >
             
            <button
              class="click-here-btn"
            >
              Click here
            </button>
          </div>
        </div>
        <div
          class="word-section"
        >
          <h2>
            Sounding Foolish
          </h2>
          <div
            class="interactive-word"
          >
             
            <button
              class="click-here-btn"
            >
              Click here
            </button>
          </div>
        </div>
      </div>
      <div
        class="cta-section"
      >
        <button
          class="cta-button"
        >
          Develop these skills
        </button>
      </div>
    </div>
  </div>
</DocumentFragment>
`;
